[www.foreveryoungspa.com/index.html]
[backblue.gif]
[fade.gif]
[index.html]
[images.squarespace-cdn.com/content/5f8f758a7f142957229da36c/1605041241225-EFVYR7SOU3Q5MYFSIJ1S/ForeverYoungSpa-Logo_FNL5d45.png]
[assets.squarespace.com/@sqs/polyfiller/1.2.2/legacy.js]
[use.typekit.net/ik/P-blc0ul3YBlLCVbzCBRhvPpNYdEBQFzKjREtgxbRgGfeCjIfFHN4UJLFRbh52jhWDmc5ejaFQyyFhjUF2JoFQSkwR8qjQwhjU7-MkG0jAFu-WsoShFGZAsude80ZkoRdhXCHKoyjamTiY]
[assets.squarespace.com/@sqs/polyfiller/1.2.2/modern.js]
[assets.squarespace.com/universal/scripts-compressed/extract-css-runtime-708abc31c2823710f03dd-min.en-US.js]
[assets.squarespace.com/universal/scripts-compressed/cldr-resource-pack-83b0e6eb9a2c7557ad4c0-min.en-US.js]
[assets.squarespace.com/universal/scripts-compressed/common-vendors-stable-9b2a74c45b27271fd111d-min.en-US.js]
[assets.squarespace.com/universal/scripts-compressed/extract-css-moment-js-vendor-98bddc81dc37f44faa7b2-min.en-US.js]
[assets.squarespace.com/universal/styles-compressed/commerce-42e904b2189a7c1684dd6-min.en-US.css]
[assets.squarespace.com/universal/scripts-compressed/performance-8b6f08d427d358ad6b72c-min.en-US.js]
[static1.squarespace.com/static/versioned-site-css/5f8f758a7f142957229da36c/37/5c5a519771c10ba3470d8101/5f8f758c7f142957229da39e/1313/site.css]
[images.squarespace-cdn.com/content/v1/5f8f758a7f142957229da36c/1605041241225-EFVYR7SOU3Q5MYFSIJ1S/ForeverYoungSpa-Logo_FNL26f7.png]
[www.foreveryoungspa.com/about.html]
[assets.squarespace.com/universal/scripts-compressed/common-vendors-584b38eb7e5ba560fe3c5-min.en-US.js]
[www.foreveryoungspa.com/news.html]
[www.foreveryoungspa.com/shop.html]
[www.foreveryoungspa.com/cart.html]
[www.foreveryoungspa.com/home/aboutus.html]
[www.foreveryoungspa.com/home/services.html]
[www.foreveryoungspa.com/home/promos.html]
[www.foreveryoungspa.com/home/bookonline.html]
[www.foreveryoungspa.com/home/product.html]
[www.foreveryoungspa.com/home/contact.html]
[images.squarespace-cdn.com/content/v1/5f8f758a7f142957229da36c/1626872893826-CN710CM6WLWIDGDBRKH4/image-asset.jpg]
[images.squarespace-cdn.com/content/v1/5f8f758a7f142957229da36c/1626741677394-SFR0UMUIZ2CQ3I2NVL6O/image-asset.jpg]
[assets.squarespace.com/universal/scripts-compressed/commerce-1ecff73230bdb91456e4c-min.en-US.js]
[assets.squarespace.com/universal/scripts-compressed/common-aa83aa646eba2dfb60b35-min.en-US.js]
[images.squarespace-cdn.com/content/v1/5f8f758a7f142957229da36c/1626457285626-IL626LSSAEY40GFHD772/image-asset.jpg]
[images.squarespace-cdn.com/content/v1/5f8f758a7f142957229da36c/1626188538490-6YG3DATH8SGREBEI7WHN/image-asset.jpg]
[images.squarespace-cdn.com/content/v1/5f8f758a7f142957229da36c/1624993817769-0WIRZYQAIBWX6DVM5ZV9/image-asset.jpg]
[images.squarespace-cdn.com/content/v1/5f8f758a7f142957229da36c/1624386584178-G31EWADVROJALJG58UY1/image-asset.jpg]
[images.squarespace-cdn.com/content/v1/5f8f758a7f142957229da36c/1622577375230-64K6AYW1C922V1L8XLZD/image-asset.jpg]
[images.squarespace-cdn.com/content/v1/5f8f758a7f142957229da36c/1620225249051-13TYACN7IGHE0DO6ZMKJ/image-asset.jpg]
[images.squarespace-cdn.com/content/v1/5f8f758a7f142957229da36c/1620176994066-LPDW05SH8567RC9A0137/image-asset.jpg]
[images.squarespace-cdn.com/content/v1/5f8f758a7f142957229da36c/1619903009324-W405ESOX4IRNVDWF6EDP/image-asset.jpg]
[www.foreveryoungspa.com/index.html]
[assets.squarespace.com/universal/images-v6/standard/icon_close_7_light.png]
[assets.squarespace.com/universal/styles-compressed/commerce-42e904b2189a7c1684dd6-min.en-US.css]
[assets.squarespace.com/universal/images-v6/damask/error-dark.png]
[assets.squarespace.com/universal/images-v6/damask/error-dark@2x.png]
[assets.squarespace.com/universal/images-v6/damask/play-button.png]
[static1.squarespace.com/static/vta/5c5a519771c10ba3470d8101/scripts/site-bundle.a2a0678a2d40422c0b2fcc5b06492cab.js]
[assets.squarespace.com/universal/images-v6/damask/play-button@2x.png]
[assets.squarespace.com/universal/images-v6/damask/edit-aviary-light.png]
[assets.squarespace.com/universal/images-v6/damask/edit-aviary-light@2x.png]
[assets.squarespace.com/universal/images-v6/damask/edit-info-light.png]
[assets.squarespace.com/universal/images-v6/damask/edit-info-light@2x.png]
[assets.squarespace.com/universal/images-v6/damask/trash-9-light.png]
[assets.squarespace.com/universal/images-v6/damask/trash-9-light@2x.png]
[assets.squarespace.com/universal/images-v6/damask/trash-9-red.png]
[assets.squarespace.com/universal/images-v6/damask/trash-9-red@2x.png]
[assets.squarespace.com/universal/images-v6/damask/getty-16-light.png]
[assets.squarespace.com/universal/images-v6/damask/getty-32-light.png]
[assets.squarespace.com/universal/images-v6/damask/shopping-cart-16-light.png]
[assets.squarespace.com/universal/images-v6/damask/shopping-cart-32-light.png]
[static1.squarespace.com/universal/images-v6/icons/block-indicator-dark.png]
[static1.squarespace.com/universal/images-v6/icons/block-indicator-dark@2x.png]
[static1.squarespace.com/universal/images-v6/icons/opentable-icons.png]
[static1.squarespace.com/universal/images-v6/icons/icon-searchqueries-20-dark.png]
[static1.squarespace.com/universal/images-v6/icons/icon-searchqueries-20-light.png]
[assets.squarespace.com/universal/images-v6/icons/icon-video-24-light-solid.png]
[assets.squarespace.com/universal/images-v6/icons/icon-settings-16-light.png]
[static1.squarespace.com/static/versioned-site-css/5f8f758a7f142957229da36c/37/5c5a519771c10ba3470d8101/5f8f758c7f142957229da39e/1313/site.css]
[images.squarespace-cdn.com/content/v1/5f8f758a7f142957229da36c/1610132364620-QMPIWZLQMP6MRGGDS44D/IG%2BPost%2B-%2BClean%2BTouch%2BCertified%2B1.jpg]
[www.foreveryoungspa.com/about.html]
[www.foreveryoungspa.com/news.html]
[www.foreveryoungspa.com/shop/emergency-kits.html]
[www.foreveryoungspa.com/shop/gehwal.html]
[www.foreveryoungspa.com/shop/sunna.html]
[www.foreveryoungspa.com/shop/tea.html]
[www.foreveryoungspa.com/shop/treat-your-hands.html]
[www.foreveryoungspa.com/shop/foot.html]
[www.foreveryoungspa.com/shop/p/opi-start-to-finish-original-formula.html]
[www.foreveryoungspa.com/shop/p/footlogix-sweaty-feet-formula.html]
[www.foreveryoungspa.com/shop/p/footlogix-tired-legs-formula.html]
[www.foreveryoungspa.com/shop/p/footlogix-very-dry-skin-formula.html]
[www.foreveryoungspa.com/shop/p/footlogix-nail-tincture-spray.html]
[www.foreveryoungspa.com/shop/p/footlogix-cracked-heel-formula.html]
[www.foreveryoungspa.com/shop/p/gehwol-med-callus-cream.html]
[www.foreveryoungspa.com/shop/p/gehwol-nail-softener.html]
[www.foreveryoungspa.com/shop/p/gehwol-rosemary-bath-salts.html]
[www.foreveryoungspa.com/shop/p/soft-feet-scrub-bamboo-amp-jojoba.html]
[www.foreveryoungspa.com/shop/p/gehwol-blue.html]
[www.foreveryoungspa.com/shop/p/clarifying-matcha-face-mask.html]
[www.foreveryoungspa.com/shop/p/glow-getter-earl-grey-body-scrub.html]
[www.foreveryoungspa.com/shop/p/coconut-chamomile-dreams-bath-soak.html]
[www.foreveryoungspa.com/shop/p/self-care-elixir-bundle-moringa-restoration.html]
[www.foreveryoungspa.com/shop/p/5a42ggl2jdq54tpnrw5ze6s9d6ozi9.html]
[www.foreveryoungspa.com/shop/p/mothers-helper-energy-mood-tea.html]
[www.foreveryoungspa.com/shop/p/winter-spice-seasonal-chai.html]
[www.foreveryoungspa.com/shop/p/colour-me-dark-express-tanning-mousse.html]
[www.foreveryoungspa.com/shop/p/keep-me-sunkissed-face-tan-water.html]
[www.foreveryoungspa.com/shop/p/colour-me-dark-sunnatan.html]
[www.foreveryoungspa.com/shop/p/v610ijcbkl9yeeyslzqf3ae9ixvkh6.html]
[www.foreveryoungspa.com/shop/p/skin-resurfacing-cleanser.html]
[www.foreveryoungspa.com/shop/p/daily-microfoliant.html]
[www.foreveryoungspa.com/shop/p/body-hydrating-cream.html]
[www.foreveryoungspa.com/shop/p/conditioning-body-wash.html]
[www.foreveryoungspa.com/shop/p/sensitive-skin-rescue-kit.html]
[www.foreveryoungspa.com/shop/p/age-defense-kit.html]
[www.foreveryoungspa.com/shop/p/clearly-matte-kit.html]
[www.foreveryoungspa.com/shop/p/clear-and-brighten-kit.html]
[www.foreveryoungspa.com/shop/p/hydrablur-primer.html]
[www.foreveryoungspa.com/shop/p/skin-perfect-primer-spf30.html]
[www.foreveryoungspa.com/shop/p/breakout-clearing-booster.html]
[www.foreveryoungspa.com/shop/p/skin-hydrating-masque.html]
[www.foreveryoungspa.com/shop/p/sebum-clearing-masque.html]
[www.foreveryoungspa.com/shop/p/blackhead-clearing-fizz-mask.html]
[www.foreveryoungspa.com/shop/p/multivitamin-power-recovery-masque.html]
[www.foreveryoungspa.com/shop/p/hydro-masque-exfoliant.html]
[www.foreveryoungspa.com/shop/p/overnight-retinol-repair-1.html]
[www.foreveryoungspa.com/shop/p/age-bright-spot-fader.html]
[www.foreveryoungspa.com/shop/p/retinal-clearing-oil.html]
[www.foreveryoungspa.com/shop/p/renewal-lip-complex.html]
[www.foreveryoungspa.com/shop/p/intensive-eye-repair.html]
[www.foreveryoungspa.com/shop/p/stress-positive-eye-lift.html]
[www.foreveryoungspa.com/shop/p/age-reversal-eye-complex.html]
[www.foreveryoungspa.com/shop/p/multivitamin-power-firm.html]
[www.foreveryoungspa.com/shop/p/phyto-nature-firming-serum.html]
[www.foreveryoungspa.com/shop/p/c-12-pure-bright-serum.html]
[www.foreveryoungspa.com/shop/p/w2dbyz48zt41xz117dnz22t5d9ybaa.html]
[www.foreveryoungspa.com/shop/p/biolumin-c-eye-serum.html]
[www.foreveryoungspa.com/shop/p/d9j2at41hbfe9n5iqzo2sywlkr66gx.html]
[www.foreveryoungspa.com/shop/p/overnight-repair-serum.html]
[www.foreveryoungspa.com/shop/p/ultracalming-serum-concentrate.html]
[www.foreveryoungspa.com/shop/p/biolumin-c-serum.html]
[www.foreveryoungspa.com/shop/p/ultracalming-mist.html]
[www.foreveryoungspa.com/shop/p/qo6jjksheiopt0a3rxiy207rqy2ztw.html]
[www.foreveryoungspa.com/shop/p/multi-active-toner.html]
[www.foreveryoungspa.com/shop/p/style-01-ma2ef.html]
[www.foreveryoungspa.com/shop/p/style-03-mhazw.html]
[www.foreveryoungspa.com/shop/p/style-02-47jjw.html]
[www.foreveryoungspa.com/shop/p/matte-defense-spf-30.html]
[www.foreveryoungspa.com/shop/p/oil-free-matte.html]
[www.foreveryoungspa.com/shop/p/invisible-physical-defense.html]
[www.foreveryoungspa.com/shop/p/prisma-protect-spf-30.html]
[www.foreveryoungspa.com/shop/p/skin-soothing-hydrating-lotion.html]
[www.foreveryoungspa.com/shop/p/barrier-repair.html]
[www.foreveryoungspa.com/shop/p/sheer-tint.html]
[www.foreveryoungspa.com/shop/p/calm-water-gel.html]
[www.foreveryoungspa.com/shop/p/sound-sleep-cocoon.html]
[www.foreveryoungspa.com/shop/p/super-rich-repair.html]
[www.foreveryoungspa.com/shop/p/intensive-moisture-balance.html]
[www.foreveryoungspa.com/shop/p/dynamic-skin-recovery-spf-50.html]
[www.foreveryoungspa.com/shop/p/skin-smoothing-cream.html]
[www.foreveryoungspa.com/shop/p/active-moist.html]
[www.foreveryoungspa.com/shop/p/flashfoliant.html]
[www.foreveryoungspa.com/shop/p/daily-resurfacer.html]
[www.foreveryoungspa.com/shop/p/multivitamin-thermafoliant.html]
[www.foreveryoungspa.com/shop/p/daily-superfoliant.html]
[www.foreveryoungspa.com/shop/p/active-clay-cleanser.html]
[www.foreveryoungspa.com/shop/p/intensive-moisture-cleanser.html]
[www.foreveryoungspa.com/shop/p/clearing-skin-wash.html]
[www.foreveryoungspa.com/shop.html]
[www.foreveryoungspa.com/cart.html]
[www.foreveryoungspa.com/shop/p/breakout-clearing-foaming-wash.html]
[images.squarespace-cdn.com/content/5f8f758a7f142957229da36c/1613437079788-0NA3QZ29O54TLSV5FAXR/foreveryoung+card+website43a3.jpg]
[images.squarespace-cdn.com/content/v1/5f8f758a7f142957229da36c/1615303814879-5VWI2G59UB0BAUN5QPUB/jencasey.jpg]
[images.squarespace-cdn.com/content/v1/5f8f758a7f142957229da36c/1619544107062-YDK7K5J9PKQYHNL6UTVY/image-asset.jpg]
[images.squarespace-cdn.com/content/v1/5f8f758a7f142957229da36c/1619111188350-EJS7H770QRUOPH8AHBTI/image-asset.jpg]
[images.squarespace-cdn.com/content/v1/5f8f758a7f142957229da36c/1618419340901-VWO2WFX7VPKNIXFY389P/image-asset.jpg]
[images.squarespace-cdn.com/content/v1/5f8f758a7f142957229da36c/1617204077104-RVGRR90ZN7IHWLD2W3KX/image-asset.jpg]
[images.squarespace-cdn.com/content/v1/5f8f758a7f142957229da36c/1616549387078-KLGXW1BL24LID1L6PMKK/image-asset.jpg]
[images.squarespace-cdn.com/content/v1/5f8f758a7f142957229da36c/1616247580178-VS9QOBDN0KR1PNDIYDB4/image-asset.jpg]
[images.squarespace-cdn.com/content/v1/5f8f758a7f142957229da36c/1616185100793-T6YNO5IBJLL8LEYWBXZ0/image-asset.jpg]
[images.squarespace-cdn.com/content/v1/5f8f758a7f142957229da36c/1616078505254-FBJE3J3YX6DK7597IXM7/image-asset.jpg]
[images.squarespace-cdn.com/content/v1/5f8f758a7f142957229da36c/1614790904165-YZPPKKWBPSG81WOYASRI/image-asset.jpg]
[images.squarespace-cdn.com/content/v1/5f8f758a7f142957229da36c/1614362410060-87K2RRU5KD6UI8VOMHH4/image-asset.jpg]
[www.foreveryoungspa.com/home/aboutus.html]
[www.foreveryoungspa.com/home/services.html]
[images.squarespace-cdn.com/content/5f8f758a7f142957229da36c/1614354126365-EXI218WATWOGYWRD0LJY/forever+young+bag+website43a3.jpg]
[www.foreveryoungspa.com/home/promos.html]
[images.squarespace-cdn.com/content/5f8f758a7f142957229da36c/1615414808804-BF0E7P6LE3FVI6ELCPSX/ACS-001143a3.jpg]
[embed.acuityscheduling.com/js/embed.js]
[www.foreveryoungspa.com/home/bookonline.html]
[images.squarespace-cdn.com/content/v1/5f8f758a7f142957229da36c/1605545347235-TBTG8EYDJ4A26P4OU0IE/Updated+Cleanser+Group+Shot.png]
[images.squarespace-cdn.com/content/v1/5f8f758a7f142957229da36c/1605546948682-0T0RG7DV7QN2SR42JJCI/SP_Banner_2048x2048.jpg]
[assets.squarespace.com/universal/scripts-compressed/commerce-checkout-fe29dbce391a6bca551ff-min.en-US.js]
[images.squarespace-cdn.com/content/v1/5f8f758a7f142957229da36c/1605628366284-L0UX6ISF1SF90HS65DYH/tease+tea+website+2.png]
[images.squarespace-cdn.com/content/v1/5f8f758a7f142957229da36c/1605628514582-17C3K9U4B123P81N4WT9/Gehwol_Fusskraft_Blue+website.jpg]
[images.squarespace-cdn.com/content/v1/5f8f758a7f142957229da36c/1605630569287-0K930C5D4DKPO9PM3VF1/footlogix+website.jpg]
[images.squarespace-cdn.com/content/v1/5f8f758a7f142957229da36c/1614967114283-V1VACECFIAMMXVA6OEVZ/87589388_2842338702510628_6006065743987212288_o.jpg]
[www.foreveryoungspa.com/home/product.html]
[www.foreveryoungspa.com/home/contact.html]
[www.foreveryoungspa.com/shop/emergency-kits.html]
[www.foreveryoungspa.com/shop/gehwal.html]
[www.foreveryoungspa.com/shop/sunna.html]
[www.foreveryoungspa.com/shop/tea.html]
[www.foreveryoungspa.com/shop/treat-your-hands.html]
[www.foreveryoungspa.com/shop/foot.html]
[www.foreveryoungspa.com/shop/p/opi-start-to-finish-original-formula.html]
[images.squarespace-cdn.com/content/5f8f758a7f142957229da36c/1619574159662-NTKQQ0QPSHSFTM02ZES2/Sweaty-Feet_ALL5d45.png]
[www.foreveryoungspa.com/shop/p/footlogix-sweaty-feet-formula.html]
[images.squarespace-cdn.com/content/5f8f758a7f142957229da36c/1619574024959-0CVF3QZV6MC7RLZEEP24/Tired-Leg_ALL+(1)5d45.png]
[www.foreveryoungspa.com/shop/p/footlogix-tired-legs-formula.html]
[images.squarespace-cdn.com/content/5f8f758a7f142957229da36c/1619573460344-AGTTY1YCJG3OGZIA5DG4/Very-Dry_125_ALL5d45.png]
[www.foreveryoungspa.com/shop/p/footlogix-very-dry-skin-formula.html]
[images.squarespace-cdn.com/content/5f8f758a7f142957229da36c/1619572999741-JI1GRCIJIEEM8998IEE0/Tincture_SPI_ALL5d45.png]
[www.foreveryoungspa.com/shop/p/footlogix-nail-tincture-spray.html]
[images.squarespace-cdn.com/content/5f8f758a7f142957229da36c/1619571832688-OQ1L0F318X6VITS4UQ73/Cracked-Heel_125_ALL5d45.png]
[www.foreveryoungspa.com/shop/p/footlogix-cracked-heel-formula.html]
[www.foreveryoungspa.com/shop/p/gehwol-med-callus-cream.html]
[www.foreveryoungspa.com/shop/p/gehwol-nail-softener.html]
[images.squarespace-cdn.com/content/5f8f758a7f142957229da36c/1619568885883-SQP13PWRPNJYT25MIEE0/gehwol+bath+salts5d45.png]
[www.foreveryoungspa.com/shop/p/gehwol-rosemary-bath-salts.html]
[images.squarespace-cdn.com/content/5f8f758a7f142957229da36c/1619568292799-L0A99EOI3DC8Y47D3UXV/soft+feet+scrub5d45.png]
[www.foreveryoungspa.com/shop/p/soft-feet-scrub-bamboo-amp-jojoba.html]
[www.foreveryoungspa.com/shop/p/gehwol-blue.html]
[images.squarespace-cdn.com/content/5f8f758a7f142957229da36c/1619563721092-QS3257TXFGACD2AQTGVF/matcha+mask43a3.jpg]
[www.foreveryoungspa.com/shop/p/clarifying-matcha-face-mask.html]
[images.squarespace-cdn.com/content/5f8f758a7f142957229da36c/1619563340485-QI50P7P8EEV3ZK9AGYB4/glow+getter+body+scrub43a3.jpg]
[www.foreveryoungspa.com/shop/p/glow-getter-earl-grey-body-scrub.html]
[images.squarespace-cdn.com/content/5f8f758a7f142957229da36c/1619563118869-7EKPYE1DMUQU4KDC6XYB/coconut+chamimile+dreams43a3.jpg]
[www.foreveryoungspa.com/shop/p/coconut-chamomile-dreams-bath-soak.html]
[images.squarespace-cdn.com/content/5f8f758a7f142957229da36c/1619562452653-4Y7OYXYVCQTDNYFO0CKR/self-care_1_1800x180043a3.jpg]
[www.foreveryoungspa.com/shop/p/self-care-elixir-bundle-moringa-restoration.html]
[www.foreveryoungspa.com/shop/p/5a42ggl2jdq54tpnrw5ze6s9d6ozi9.html]
[images.squarespace-cdn.com/content/5f8f758a7f142957229da36c/1613159619767-4XXWWDJ5MXMXUT2YIP2X/mothers-helper+website43a3.jpg]
[www.foreveryoungspa.com/shop/p/mothers-helper-energy-mood-tea.html]
[images.squarespace-cdn.com/content/5f8f758a7f142957229da36c/1613159019229-2OQYJIUF766X6AQMER7U/winter-spice_+website43a3.jpg]
[www.foreveryoungspa.com/shop/p/winter-spice-seasonal-chai.html]
[images.squarespace-cdn.com/content/5f8f758a7f142957229da36c/1621978268855-TTJ8FEXSFGQV3G9GQTLD/colormedarkmousseee8a.jpg]
[www.foreveryoungspa.com/shop/p/colour-me-dark-express-tanning-mousse.html]
[images.squarespace-cdn.com/content/5f8f758a7f142957229da36c/1621977256209-QECPMPIHCD1S5BTSW9ZV/sunkissedee8a.jpg]
[www.foreveryoungspa.com/shop/p/keep-me-sunkissed-face-tan-water.html]
[images.squarespace-cdn.com/content/5f8f758a7f142957229da36c/1619539570262-CKTVWJ3CBJG0RSQS0FAD/color+me+darkee8a.jpg]
[www.foreveryoungspa.com/shop/p/colour-me-dark-sunnatan.html]
[images.squarespace-cdn.com/content/5f8f758a7f142957229da36c/1619539825923-C0RIBSA4HD515NBDN9E3/sunnapureee8a.jpg]
[www.foreveryoungspa.com/shop/p/v610ijcbkl9yeeyslzqf3ae9ixvkh6.html]
[images.squarespace-cdn.com/content/5f8f758a7f142957229da36c/1619530758566-FQ496E1BXCRGRQRF8QMY/skin+resurfacing+cleanser43a3.jpg]
[www.foreveryoungspa.com/shop/p/skin-resurfacing-cleanser.html]
[www.foreveryoungspa.com/shop/p/daily-microfoliant.html]
[www.foreveryoungspa.com/shop/p/body-hydrating-cream.html]
[www.foreveryoungspa.com/shop/p/conditioning-body-wash.html]
[www.foreveryoungspa.com/shop/p/sensitive-skin-rescue-kit.html]
[www.foreveryoungspa.com/shop/p/age-defense-kit.html]
[images.squarespace-cdn.com/content/5f8f758a7f142957229da36c/1619529075511-24UGONFTI2RCB28TZYJY/Cleary+Matte+Kit+-+Front43a3.jpg]
[www.foreveryoungspa.com/shop/p/clearly-matte-kit.html]
[www.foreveryoungspa.com/shop/p/clear-and-brighten-kit.html]
[images.squarespace-cdn.com/content/5f8f758a7f142957229da36c/1619532410574-5B07SAZS5LX367J4T5NL/hydrablur+primer43a3.jpg]
[www.foreveryoungspa.com/shop/p/hydrablur-primer.html]
[images.squarespace-cdn.com/content/5f8f758a7f142957229da36c/1619531986328-NSEK4JXRCXQQFJYO793L/skinperfect+primer+spf3043a3.jpg]
[www.foreveryoungspa.com/shop/p/skin-perfect-primer-spf30.html]
[www.foreveryoungspa.com/shop/p/breakout-clearing-booster.html]
[images.squarespace-cdn.com/content/5f8f758a7f142957229da36c/1619531950638-FIVSBE7SWPWIHRYS6VS1/skin+hydrating+masque43a3.jpg]
[www.foreveryoungspa.com/shop/p/skin-hydrating-masque.html]
[www.foreveryoungspa.com/shop/p/sebum-clearing-masque.html]
[www.foreveryoungspa.com/shop/p/blackhead-clearing-fizz-mask.html]
[www.foreveryoungspa.com/shop/p/multivitamin-power-recovery-masque.html]
[www.foreveryoungspa.com/shop/p/hydro-masque-exfoliant.html]
[images.squarespace-cdn.com/content/5f8f758a7f142957229da36c/1619532483150-V3QTJ7LRSPN57CUDZC2O/Overnight+Retinol+Repair+143a3.jpg]
[www.foreveryoungspa.com/shop/p/overnight-retinol-repair-1.html]
[www.foreveryoungspa.com/shop/p/age-bright-spot-fader.html]
[www.foreveryoungspa.com/shop/p/retinal-clearing-oil.html]
[www.foreveryoungspa.com/shop/p/renewal-lip-complex.html]
[images.squarespace-cdn.com/content/5f8f758a7f142957229da36c/1619531595904-Q1GSBFK6RYY9H0U5GWAX/intensive+eye+repair+(1)43a3.jpg]
[www.foreveryoungspa.com/shop/p/intensive-eye-repair.html]
[www.foreveryoungspa.com/shop/p/stress-positive-eye-lift.html]
[images.squarespace-cdn.com/content/5f8f758a7f142957229da36c/1619531523758-S1UUL6AHCBF7826HPVJM/age+reversal+eye+complex43a3.jpg]
[www.foreveryoungspa.com/shop/p/age-reversal-eye-complex.html]
[images.squarespace-cdn.com/content/5f8f758a7f142957229da36c/1619531027028-EZPIQC9MW92PP8LPD3QU/multivitamin+power+firm43a3.jpg]
[www.foreveryoungspa.com/shop/p/multivitamin-power-firm.html]
[www.foreveryoungspa.com/shop/p/phyto-nature-firming-serum.html]
[images.squarespace-cdn.com/content/5f8f758a7f142957229da36c/1619530934106-4S00V655VDZ24ROU7QNY/C-12+pure+bright+serum43a3.jpg]
[www.foreveryoungspa.com/shop/p/c-12-pure-bright-serum.html]
[images.squarespace-cdn.com/content/5f8f758a7f142957229da36c/1619530890351-DG1CV6HO8CZ71ZS85U8S/multivitamin+power+serum43a3.jpg]
[www.foreveryoungspa.com/shop/p/w2dbyz48zt41xz117dnz22t5d9ybaa.html]
[www.foreveryoungspa.com/shop/p/biolumin-c-eye-serum.html]
[www.foreveryoungspa.com/shop/p/d9j2at41hbfe9n5iqzo2sywlkr66gx.html]
[www.foreveryoungspa.com/shop/p/overnight-repair-serum.html]
[www.foreveryoungspa.com/shop/p/ultracalming-serum-concentrate.html]
[www.foreveryoungspa.com/shop/p/biolumin-c-serum.html]
[www.foreveryoungspa.com/shop/p/ultracalming-mist.html]
[images.squarespace-cdn.com/content/5f8f758a7f142957229da36c/1619530713726-0QINQ6HYJH9DQSRUBIJM/antioxidant+hydramist43a3.jpg]
[www.foreveryoungspa.com/shop/p/qo6jjksheiopt0a3rxiy207rqy2ztw.html]
[images.squarespace-cdn.com/content/5f8f758a7f142957229da36c/1619530796267-XJT3DUWWVTUTU4Z7ASUB/multi-active+toner43a3.jpg]
[www.foreveryoungspa.com/shop/p/multi-active-toner.html]
[images.squarespace-cdn.com/content/5f8f758a7f142957229da36c/1618591122502-QIYZ45G7SPHOR70LHBOY/PreCleanse+texture43a3.jpg]
[www.foreveryoungspa.com/shop/p/style-01-ma2ef.html]
[images.squarespace-cdn.com/content/v1/5ec321c2af33de48734cc929/1603994731437-KTTMR9VGPR43KG9VKXXR/acc_1-Detail.jpg]
[images.squarespace-cdn.com/content/v1/5ec321c2af33de48734cc929/1603995400336-KDBQV5GIMQCNOVKCTZ3K/acc_3-Detail.jpg]
[www.foreveryoungspa.com/shop/p/style-03-mhazw.html]
[www.foreveryoungspa.com/shop/p/style-02-47jjw.html]
[www.foreveryoungspa.com/shop/p/matte-defense-spf-30.html]
[www.foreveryoungspa.com/shop/p/oil-free-matte.html]
[www.foreveryoungspa.com/shop/p/invisible-physical-defense.html]
[www.foreveryoungspa.com/shop/p/prisma-protect-spf-30.html]
[www.foreveryoungspa.com/shop/p/skin-soothing-hydrating-lotion.html]
[www.foreveryoungspa.com/shop/p/barrier-repair.html]
[www.foreveryoungspa.com/shop/p/sheer-tint.html]
[www.foreveryoungspa.com/shop/p/calm-water-gel.html]
[www.foreveryoungspa.com/shop/p/sound-sleep-cocoon.html]
[www.foreveryoungspa.com/shop/p/super-rich-repair.html]
[www.foreveryoungspa.com/shop/p/intensive-moisture-balance.html]
[www.foreveryoungspa.com/shop/p/dynamic-skin-recovery-spf-50.html]
[www.foreveryoungspa.com/shop/p/skin-smoothing-cream.html]
[www.foreveryoungspa.com/shop/p/active-moist.html]
[www.foreveryoungspa.com/shop/p/flashfoliant.html]
[images.squarespace-cdn.com/content/5f8f758a7f142957229da36c/1619530213678-K33LYCU7A68RPEZHXEEU/daily+resurfacer43a3.jpg]
[www.foreveryoungspa.com/shop/p/daily-resurfacer.html]
[www.foreveryoungspa.com/shop/p/multivitamin-thermafoliant.html]
[images.squarespace-cdn.com/content/5f8f758a7f142957229da36c/1619530016093-Q3N1G86W524FQAPTEGS0/Daily+Superfoliant+Hero43a3.jpg]
[www.foreveryoungspa.com/shop/p/daily-superfoliant.html]
[www.foreveryoungspa.com/shop/p/active-clay-cleanser.html]
[www.foreveryoungspa.com/shop/p/intensive-moisture-cleanser.html]
[www.foreveryoungspa.com/shop/p/clearing-skin-wash.html]
[www.foreveryoungspa.com/shop/p/breakout-clearing-foaming-wash.html]
[static1.squarespace.com/static/5f8f758a7f142957229da36c/5faaf63232954a6903bd756c/5faaf63232954a6903bd756d/1615327485440/Dermalogica-Treatment-Retouch+11+website]
[static1.squarespace.com/static/5f8f758a7f142957229da36c/5faaf63232954a6903bd756c/5faaf63232954a6903bd75a1/1615327527665/Product+form+-+Biolumin-C+Pro+Serum+websi]
[static1.squarespace.com/static/5f8f758a7f142957229da36c/5faaf63232954a6903bd756c/5faaf63332954a6903bd75d2/1616114071626/157626878_3810355899042232_70569149754731]
[static1.squarespace.com/static/5f8f758a7f142957229da36c/5ff753c63f2de83eb9d057ea/6088c1fb67a7ca668930610d/1619901662242/start-to-finish-original-formula-ntt70-to]
[static1.squarespace.com/static/5f8f758a7f142957229da36c/5ff753c63f2de83eb9d057ea/6088b062e0d74b267b17b132/1619570788811/Gehwol_med_Callus_Cream__60444.1371510283]
[static1.squarespace.com/static/5f8f758a7f142957229da36c/5ff753c63f2de83eb9d057ea/6088ab0a80ffef56e429371e/1619569445092/Gehwol_Med_Nail_Softener__49520.137151155]
[static1.squarespace.com/static/5f8f758a7f142957229da36c/5ff753c63f2de83eb9d057ea/6088aa07014d430c7aaed9f1/1619569161895/Gehwol_Fusskraft_Blue__58756.1371494273.3]
[static1.squarespace.com/static/5f8f758a7f142957229da36c/5ff753c63f2de83eb9d057ea/608dbde99a5990542667cce2/1619901960606/daily-microfoliant_11-01_590x617_f9dc2b65]
[static1.squarespace.com/static/5f8f758a7f142957229da36c/5ff753c63f2de83eb9d057ea/60881c9c671b7428d3a61d5a/1619532958510/body-hydrating-cream_86-01_590x617_a9a01d]
[static1.squarespace.com/static/5f8f758a7f142957229da36c/5ff753c63f2de83eb9d057ea/60881c54973a9e6eddc308bc/1619532886412/conditioning-body-wash_84-01_590x617_3bcb]
[static1.squarespace.com/static/5f8f758a7f142957229da36c/5ff753c63f2de83eb9d057ea/60880cfdb62b744ad34bd4de/1619528967043/Sensitive+Skin+Rescue+Kit+-+Front+of+Cart]
[static1.squarespace.com/static/5f8f758a7f142957229da36c/5ff753c63f2de83eb9d057ea/60880dad708bfc0b8c899716/1619529151044/Age+Defense+Kit+with+Product+Mix.de26f7.d]
[static1.squarespace.com/static/5f8f758a7f142957229da36c/5ff753c63f2de83eb9d057ea/60882e48a8de2a2c6ad075d9/1619537482221/clear-and-brighten-skin-kit_108-01_590x61]
[static1.squarespace.com/static/5f8f758a7f142957229da36c/5ff753c63f2de83eb9d057ea/60882b6d949dbc45a5b3ed27/1619536751639/breakout-clearing-booster_238-01b_590x617]
[static1.squarespace.com/static/5f8f758a7f142957229da36c/5ff753c63f2de83eb9d057ea/608818869923fc04dc422627/1619531920463/Sebum+Clearing+Masque+On+White+Background]
[static1.squarespace.com/static/5f8f758a7f142957229da36c/5ff753c63f2de83eb9d057ea/60882ea4c233de4112645c45/1619537574276/blackhead-clearing-fizz-mask_239-01b_590x]
[static1.squarespace.com/static/5f8f758a7f142957229da36c/5ff753c63f2de83eb9d057ea/6088182c4dc17267841b4591/1619531827857/multivitamin+power+recovery+masque+-+trav]
[static1.squarespace.com/static/5f8f758a7f142957229da36c/5ff753c63f2de83eb9d057ea/60882ef387ddd86a87353c78/1619537653336/hydro-masque-exfoliant_266-01_590x617_457]
[static1.squarespace.com/static/5f8f758a7f142957229da36c/5ff753c63f2de83eb9d057ea/60880c11d6667905e52ed41b/1619528729037/AGE+Bright+Spot+Fader+0.5+OZ+On+White+Bac]
[static1.squarespace.com/static/5f8f758a7f142957229da36c/5ff753c63f2de83eb9d057ea/608dbf1af520a47177c96b88/1619902236165/retinol-clearing-oil_264-01_590x617_df3bb]
[static1.squarespace.com/static/5f8f758a7f142957229da36c/5ff753c63f2de83eb9d057ea/608dbebea35f170e6957c1ba/1619902144670/renewal-lip-complex_64-01_590x617_868d7bb]
[static1.squarespace.com/static/5f8f758a7f142957229da36c/5ff753c63f2de83eb9d057ea/60882f9cc835a468f5ed0b59/1619537822249/stress-positive-eye-lift_231-01_590x617_0]
[static1.squarespace.com/static/5f8f758a7f142957229da36c/5ff753c63f2de83eb9d057ea/608814e486919563bb914caf/1619530995453/Phyto-Nature+Firming+Serum+(front).f926f7]
[static1.squarespace.com/static/5f8f758a7f142957229da36c/5ff753c63f2de83eb9d057ea/60876b88f0edaa01be095ee0/1619487631381/Biolumin-C+Eye+Serym+-+Trial+Size.fe26f7]
[static1.squarespace.com/static/5f8f758a7f142957229da36c/5ff753c63f2de83eb9d057ea/608dc0c486d55300e499e47f/1619902664453/age-bright-clearing-serum_246-01_590x617_]
[static1.squarespace.com/static/5f8f758a7f142957229da36c/5ff753c63f2de83eb9d057ea/6088301fe3f48a57c87577d5/1619537953201/overnight-repair-serum_138-01_590x617_570]
[static1.squarespace.com/static/5f8f758a7f142957229da36c/5ff753c63f2de83eb9d057ea/608830715ca0005012b78113/1619538035459/ultracalming-serum-concentrate_129-01_590]
[static1.squarespace.com/static/5f8f758a7f142957229da36c/5ff753c63f2de83eb9d057ea/60876ccdee2fd663d3cac1cc/1619487959382/2oz+and+1oz+BioLumin-C+Serum+-+Top+Down.1]
[static1.squarespace.com/static/5f8f758a7f142957229da36c/5ff753c63f2de83eb9d057ea/608830ab55d5e62fbc4661fe/1619538093549/ultracalming-mist_127-01_590x617_1f17a0c2]
[static1.squarespace.com/static/5f8f758a7f142957229da36c/5ff753c63f2de83eb9d057ea/60881325e96fbd4fbc3a0423/1619530541448/special+cleansing+gel+8.4oz.10b26f7.delay]
[static1.squarespace.com/static/5f8f758a7f142957229da36c/5ff753c63f2de83eb9d057ea/60881b9ca5faa2337960329b/1619532706002/CAN+Clearing+Defense+Multiples.10e26f7.de]
[static1.squarespace.com/static/5f8f758a7f142957229da36c/5ff753c63f2de83eb9d057ea/60876dc93a4b583925f71f0b/1619488210518/Oil+Free+Matte+On+White+Background+(1).10]
[static1.squarespace.com/static/5f8f758a7f142957229da36c/5ff753c63f2de83eb9d057ea/60876d6f2f64976ccd862313/1619488122190/Ecomm+Hero+-+Invisible+Physical+Defense+(]
[static1.squarespace.com/static/5f8f758a7f142957229da36c/5ff753c63f2de83eb9d057ea/60876e942f64976ccd863a5d/1619488412591/Prisma+Protect+with+Rainbow+and+Product+F]
[static1.squarespace.com/static/5f8f758a7f142957229da36c/5ff753c63f2de83eb9d057ea/608835224d5b2179f83f6c64/1619539236049/barrier-repair_126-01_590x617_423f0daa-b9]
[static1.squarespace.com/static/5f8f758a7f142957229da36c/5ff753c63f2de83eb9d057ea/608834e177869f49f410dcd7/1619539175858/sheer-tint-spf20_145-01_590x617_b7ecd469-]
[static1.squarespace.com/static/5f8f758a7f142957229da36c/5ff753c63f2de83eb9d057ea/608dc1442c280c5e2fcf9fa7/1619902790678/calm-water-gel_234-01_590x617_d8b7e18d-b4]
[static1.squarespace.com/static/5f8f758a7f142957229da36c/5ff753c63f2de83eb9d057ea/6088320567c8ef4572cb93ab/1619538439881/sound-sleep-cocoon_236-01_590x617_28c4c16]
[static1.squarespace.com/static/5f8f758a7f142957229da36c/5ff753c63f2de83eb9d057ea/6088122dd3b6614ab9251b37/1619530292165/Global+Programs+Aug+List+of+27+Super+Rich]
[static1.squarespace.com/static/5f8f758a7f142957229da36c/5ff753c63f2de83eb9d057ea/60881358fb09a16954a07fde/1619530592485/Intensive+Moisture+Balance+3.4oz+-+Front]
[static1.squarespace.com/static/5f8f758a7f142957229da36c/5ff753c63f2de83eb9d057ea/608810ef8a28d345b10264a4/1619529976806/Dynamic+Skin+Recovery+SPF50.11826f7.delay]
[static1.squarespace.com/static/5f8f758a7f142957229da36c/5ff753c63f2de83eb9d057ea/6088107a4e59657e4edbecdd/1619529854555/Skin+Smoothing+Cream+3.4oz+-+Front.11926f]
[static1.squarespace.com/static/5f8f758a7f142957229da36c/5ff753c63f2de83eb9d057ea/608831b65ca0005012b79ebe/1619538360865/Active-Moise_1.7oz_1000x1000_ad57a207-a99]
[static1.squarespace.com/static/5f8f758a7f142957229da36c/5ff753c63f2de83eb9d057ea/60876f843a4b583925f75887/1619488648713/reveal_4x5_dispensing+foam.11b26f7.delaye]
[static1.squarespace.com/static/5f8f758a7f142957229da36c/5ff753c63f2de83eb9d057ea/60883133bca6aa5dbea7f36f/1619538230473/multivitamin-thermafoliant_56-01_590x617_]
[static1.squarespace.com/static/5f8f758a7f142957229da36c/5ff753c63f2de83eb9d057ea/608813858da1f175b9ba25ab/1619530641462/Active+Clay+Cleanser+(front).12126f7.dela]
[static1.squarespace.com/static/5f8f758a7f142957229da36c/5ff753c63f2de83eb9d057ea/6079b83b3c024a66efd29caf/1618589757249/intensive-moisture-cleanser.1.12226f7.del]
[static1.squarespace.com/static/5f8f758a7f142957229da36c/5ff753c63f2de83eb9d057ea/608813b3b2b4365680000b5d/1619530688506/Clearing+Skin+Wash+16oz+On+White+Backgrou]
[static1.squarespace.com/static/5f8f758a7f142957229da36c/5ff753c63f2de83eb9d057ea/5ff753c63f2de83eb9d0580d/1650398243204/UltraCalming+Cleanser+-+Retail.10d26f7.de]
[static1.squarespace.com/static/5f8f758a7f142957229da36c/5ff753c63f2de83eb9d057ea/60876d181d979d36dbb0aa10/1619488035028/BC+Foaming+Wash+10oz+Ecom+Front+no+shadwo]
